// Jest Snapshot v1, https://goo.gl/fbAQLP

exports[`ActorCard should be rendered 1`] = `
<div>
  <div
    class="MuiPaper-root MuiPaper-elevation MuiPaper-rounded MuiPaper-elevation1 MuiCard-root css-1ifd40a-MuiPaper-root-MuiCard-root"
  >
    <img
      alt="Michael Nordman"
      class="MuiCardMedia-root MuiCardMedia-media MuiCardMedia-img css-1adevo0-MuiCardMedia-root"
      src="/123"
    />
    <div
      class="MuiCardContent-root css-102cj0y-MuiCardContent-root"
    >
      <div
        class="MuiTypography-root MuiTypography-subtitle1 css-10wpov9-MuiTypography-root"
      >
        Michael Nordman
      </div>
      <div
        class="MuiTypography-root MuiTypography-subtitle2 css-ati914-MuiTypography-root"
      >
        Dude George
      </div>
    </div>
  </div>
</div>
`;
