// Jest Snapshot v1, https://goo.gl/fbAQLP

exports[`ErrorBoundary should render children component without error 1`] = `
<div>
  <div
    data-testid="test"
  >
    Hello
  </div>
</div>
`;

exports[`ErrorBoundary should render saved JSX from ErrorBoundary  1`] = `
<div>
  <div
    class="MuiBox-root css-4ozt90"
  >
    <div
      class="MuiContainer-root MuiContainer-maxWidthLg css-r5r38p-MuiContainer-root"
    >
      <div
        class="MuiBox-root css-l3vw6"
      >
        <h4
          class="MuiTypography-root MuiTypography-h4 css-1tg5hpw-MuiTypography-root"
        >
          Something went wrong ...
        </h4>
      </div>
    </div>
  </div>
</div>
`;
