// Jest Snapshot v1, https://goo.gl/fbAQLP

exports[`SearchBar should be rendered 1`] = `
<div>
  <div
    class="MuiFormControl-root MuiTextField-root css-11b7oo1-MuiFormControl-root-MuiTextField-root"
  >
    <div
      class="MuiInput-root MuiInput-underline MuiInputBase-root MuiInputBase-colorPrimary MuiInputBase-formControl css-1480iag-MuiInputBase-root-MuiInput-root"
    >
      <input
        aria-invalid="false"
        class="MuiInput-input MuiInputBase-input css-1x51dt5-MuiInputBase-input-MuiInput-input"
        placeholder="Movies,person,movie theaters"
        type="text"
        value=""
      />
    </div>
  </div>
</div>
`;
