// Jest Snapshot v1, https://goo.gl/fbAQLP

exports[`SearchBar should be render 1`] = `
<div
  className="MuiFormControl-root MuiTextField-root css-rc5ywp-MuiFormControl-root-MuiTextField-root"
>
  <div
    className="MuiInput-root MuiInput-underline MuiInputBase-root MuiInputBase-colorPrimary MuiInputBase-formControl css-1480iag-MuiInputBase-root-MuiInput-root"
    onClick={[Function]}
  >
    <input
      aria-invalid={false}
      autoFocus={false}
      className="MuiInput-input MuiInputBase-input css-1x51dt5-MuiInputBase-input-MuiInput-input"
      disabled={false}
      onAnimationStart={[Function]}
      onBlur={[Function]}
      onChange={[Function]}
      onFocus={[Function]}
      placeholder="Movies,person,movie theaters"
      required={false}
      type="text"
      value=""
    />
  </div>
</div>
`;
