// Jest Snapshot v1, https://goo.gl/fbAQLP

exports[`CategoriesToggleButtons should be render 1`] = `
<div
  className="MuiToggleButtonGroup-root css-cttit5-MuiToggleButtonGroup-root"
  role="group"
>
  <button
    aria-pressed={true}
    className="MuiButtonBase-root MuiToggleButton-root Mui-selected MuiToggleButton-sizeMedium MuiToggleButton-primary MuiToggleButtonGroup-grouped MuiToggleButtonGroup-groupedHorizontal css-1omrkh-MuiButtonBase-root-MuiToggleButton-root"
    disabled={false}
    onBlur={[Function]}
    onChange={[Function]}
    onClick={[Function]}
    onContextMenu={[Function]}
    onDragLeave={[Function]}
    onFocus={[Function]}
    onKeyDown={[Function]}
    onKeyUp={[Function]}
    onMouseDown={[Function]}
    onMouseLeave={[Function]}
    onMouseUp={[Function]}
    onTouchEnd={[Function]}
    onTouchMove={[Function]}
    onTouchStart={[Function]}
    tabIndex={0}
    type="button"
    value="popular"
  >
    Popular
  </button>
  <button
    aria-pressed={false}
    className="MuiButtonBase-root MuiToggleButton-root MuiToggleButton-sizeMedium MuiToggleButton-primary MuiToggleButtonGroup-grouped MuiToggleButtonGroup-groupedHorizontal css-1omrkh-MuiButtonBase-root-MuiToggleButton-root"
    disabled={false}
    onBlur={[Function]}
    onChange={[Function]}
    onClick={[Function]}
    onContextMenu={[Function]}
    onDragLeave={[Function]}
    onFocus={[Function]}
    onKeyDown={[Function]}
    onKeyUp={[Function]}
    onMouseDown={[Function]}
    onMouseLeave={[Function]}
    onMouseUp={[Function]}
    onTouchEnd={[Function]}
    onTouchMove={[Function]}
    onTouchStart={[Function]}
    tabIndex={0}
    type="button"
    value="top_rated"
  >
    Top rated
  </button>
  <button
    aria-pressed={false}
    className="MuiButtonBase-root MuiToggleButton-root MuiToggleButton-sizeMedium MuiToggleButton-primary MuiToggleButtonGroup-grouped MuiToggleButtonGroup-groupedHorizontal css-1omrkh-MuiButtonBase-root-MuiToggleButton-root"
    disabled={false}
    onBlur={[Function]}
    onChange={[Function]}
    onClick={[Function]}
    onContextMenu={[Function]}
    onDragLeave={[Function]}
    onFocus={[Function]}
    onKeyDown={[Function]}
    onKeyUp={[Function]}
    onMouseDown={[Function]}
    onMouseLeave={[Function]}
    onMouseUp={[Function]}
    onTouchEnd={[Function]}
    onTouchMove={[Function]}
    onTouchStart={[Function]}
    tabIndex={0}
    type="button"
    value="upcoming"
  >
    Upcoming
  </button>
</div>
`;
