// Jest Snapshot v1, https://goo.gl/fbAQLP

exports[`CategoriesToggleButtons should be rendered 1`] = `
<div>
  <div
    class="MuiToggleButtonGroup-root css-cttit5-MuiToggleButtonGroup-root"
    role="group"
  >
    <button
      aria-pressed="true"
      class="MuiButtonBase-root MuiToggleButton-root Mui-selected MuiToggleButton-sizeMedium MuiToggleButton-primary MuiToggleButtonGroup-grouped MuiToggleButtonGroup-groupedHorizontal css-1omrkh-MuiButtonBase-root-MuiToggleButton-root"
      tabindex="0"
      type="button"
      value="popular"
    >
      Popular
      <span
        class="MuiTouchRipple-root css-8je8zh-MuiTouchRipple-root"
      />
    </button>
    <button
      aria-pressed="false"
      class="MuiButtonBase-root MuiToggleButton-root MuiToggleButton-sizeMedium MuiToggleButton-primary MuiToggleButtonGroup-grouped MuiToggleButtonGroup-groupedHorizontal css-1omrkh-MuiButtonBase-root-MuiToggleButton-root"
      tabindex="0"
      type="button"
      value="top_rated"
    >
      Top rated
      <span
        class="MuiTouchRipple-root css-8je8zh-MuiTouchRipple-root"
      />
    </button>
    <button
      aria-pressed="false"
      class="MuiButtonBase-root MuiToggleButton-root MuiToggleButton-sizeMedium MuiToggleButton-primary MuiToggleButtonGroup-grouped MuiToggleButtonGroup-groupedHorizontal css-1omrkh-MuiButtonBase-root-MuiToggleButton-root"
      tabindex="0"
      type="button"
      value="upcoming"
    >
      Upcoming
      <span
        class="MuiTouchRipple-root css-8je8zh-MuiTouchRipple-root"
      />
    </button>
  </div>
</div>
`;
