// Jest Snapshot v1, https://goo.gl/fbAQLP

exports[`MovieCard should be render 1`] = `
<div
  className="MuiBox-root css-1fxpa70"
  onClick={[Function]}
>
  <div
    className="MuiPaper-root MuiPaper-elevation MuiPaper-rounded MuiPaper-elevation1 MuiCard-root css-1tm8ee0-MuiPaper-root-MuiCard-root"
  >
    <div
      className="rating MuiBox-root css-10gsq3s"
    >
      <span
        className="MuiTypography-root MuiTypography-subtitle1 css-10wpov9-MuiTypography-root"
      >
        9
      </span>
    </div>
    <img
      alt="Ninja"
      className="MuiCardMedia-root MuiCardMedia-media MuiCardMedia-img css-1qopqf2-MuiCardMedia-root"
      height="220px"
      onError={[Function]}
    />
    <div
      className="MuiCardContent-root css-71xg00-MuiCardContent-root"
    >
      <h6
        className="MuiTypography-root MuiTypography-h6 css-100kqv6-MuiTypography-root"
      >
        Ninja
      </h6>
      <h6
        className="MuiTypography-root MuiTypography-subtitle2 css-116y7rw-MuiTypography-root"
      >
        comedy history
      </h6>
    </div>
  </div>
  <div
    className="MuiBox-root css-lx8xrd"
  >
    <svg
      aria-hidden={true}
      className="MuiSvgIcon-root MuiSvgIcon-fontSizeMedium css-189a69h-MuiSvgIcon-root"
      data-testid="PlayCircleIcon"
      focusable="false"
      viewBox="0 0 24 24"
    >
      <path
        d="M12 2C6.48 2 2 6.48 2 12s4.48 10 10 10 10-4.48 10-10S17.52 2 12 2zM9.5 16.5v-9l7 4.5-7 4.5z"
      />
    </svg>
  </div>
</div>
`;
