// Jest Snapshot v1, https://goo.gl/fbAQLP

exports[`MainPage should be rendered 1`] = `
<div>
  <div
    class="MuiBox-root css-4ozt90"
  >
    <div
      class="MuiContainer-root MuiContainer-maxWidthLg css-r5r38p-MuiContainer-root"
    >
      CategoriesToggleButtons
      MainPageContainer
      <div
        class="MuiBox-root css-2hoarh"
      >
        MoviesPaggination
      </div>
    </div>
  </div>
</div>
`;
