// Jest Snapshot v1, https://goo.gl/fbAQLP

exports[`PhotosContainer should be rendered 1`] = `
<div>
  <div
    class="MuiGrid-root MuiGrid-container MuiGrid-spacing-xs-undefined css-1xzqqmo-MuiGrid-root"
  >
    <div
      class="MuiGrid-root MuiGrid-item css-w6g57o-MuiGrid-root"
    />
    <div
      class="MuiGrid-root MuiGrid-item css-w6g57o-MuiGrid-root"
    />
    <div
      class="MuiGrid-root MuiGrid-item css-w6g57o-MuiGrid-root"
    />
  </div>
</div>
`;
